Microchip MPLAB XC8 Compiler V1.44 ()

Linker command line:

-W-3 --edf=C:\Program Files (x86)\Microchip\xc8\v1.44\dat\en_msgs.txt -cs \
  -h+dist/default/production\EMG_TestProject.X.production.sym \
  --cmf=dist/default/production\EMG_TestProject.X.production.cmf -z \
  -Q16F18875 -oC:\Users\C20590\AppData\Local\Temp\shhc.2 \
  -Mdist/default/production/EMG_TestProject.X.production.map -E1 -ver=XC8 \
  -ASTACK=020AEh-0238bh -pstack=STACK -ACODE=00h-07FFhx4 \
  -ASTRCODE=00h-01FFFh -ASTRING=00h-0FFhx32 -ACONST=00h-0FFhx32 \
  -AENTRY=00h-0FFhx32 -ACOMMON=070h-07Fh -ABANK0=020h-06Fh \
  -ABANK1=0A0h-0EFh -ABANK2=0120h-016Fh -ABANK3=01A0h-01EFh \
  -ABANK4=0220h-026Fh -ABANK5=02A0h-02EFh -ABANK6=0320h-036Fh \
  -ABANK7=03A0h-03EFh -ABANK8=0420h-046Fh -ABANK9=04A0h-04EFh \
  -ABANK10=0520h-056Fh -ABANK11=05A0h-05EFh -ABANK12=0620h-064Fh \
  -ABIGRAM=02000h-023EFh \
  -ARAM=020h-06Fh,0A0h-0EFh,0120h-016Fh,01A0h-01EFh,0220h-026Fh,02A0h-02EFh,0320h-036Fh,03A0h-03EFh,0420h-046Fh,04A0h-04EFh,0520h-056Fh,05A0h-05EFh,0620h-064Fh \
  -AABS1=020h-07Fh,0A0h-0EFh,0120h-016Fh,01A0h-01EFh,0220h-026Fh,02A0h-02EFh,0320h-036Fh,03A0h-03EFh,0420h-046Fh,04A0h-04EFh,0520h-056Fh,05A0h-05EFh,0620h-064Fh \
  -ASFR0=00h-01Fh -ASFR1=080h-09Fh -ASFR2=0100h-011Fh -ASFR3=0180h-019Fh \
  -ASFR4=0200h-021Fh -ASFR5=0280h-029Fh -ASFR6=0300h-031Fh \
  -ASFR7=0380h-039Fh -ASFR8=0400h-041Fh -ASFR9=0480h-049Fh \
  -ASFR10=0500h-051Fh -ASFR11=0580h-059Fh -ASFR12=0600h-061Fh \
  -ASFR13=0680h-06EFh -ASFR14=0700h-076Fh -ASFR15=0780h-07EFh \
  -ASFR16=0800h-086Fh -ASFR17=0880h-08EFh -ASFR18=0900h-096Fh \
  -ASFR19=0980h-09EFh -ASFR20=0A00h-0A6Fh -ASFR21=0A80h-0AEFh \
  -ASFR22=0B00h-0B6Fh -ASFR23=0B80h-0BEFh -ASFR24=0C00h-0C6Fh \
  -ASFR25=0C80h-0CEFh -ASFR26=0D00h-0D6Fh -ASFR27=0D80h-0DEFh \
  -ASFR28=0E00h-0E6Fh -ASFR29=0E80h-0EEFh -ASFR30=0F00h-0F6Fh \
  -ASFR31=0F80h-0FEFh -preset_vec=00h,intentry=04h,init,end_init \
  -ppowerup=CODE -pcinit=CODE -pfunctab=ENTRY -ACONFIG=08007h-0800Bh \
  -pconfig=CONFIG -DCONFIG=2 -AIDLOC=08000h-08003h -pidloc=IDLOC -DIDLOC=2 \
  -AEEDATA=00h-0FFh/0F000h -peeprom_data=EEDATA -DEEDATA=2 -DCODE=2 \
  -DSTRCODE=2 -DSTRING=2 -DCONST=2 -DENTRY=2 -k \
  C:\Users\C20590\AppData\Local\Temp\shhc.obj \
  dist/default/production\EMG_TestProject.X.production.obj 

Object code version is 3.11

Machine type is 16F18875



                Name                               Link     Load   Length Selector   Space Scale
C:\Users\C20590\AppData\Local\Temp\shhc.obj
                end_init                             24       24        2        8       0
                reset_vec                             0        0        2        0       0
                config                             8007     8007        5    1000E       0
dist/default/production\EMG_TestProject.X.production.obj
                cinit                                26       26       34        8       0
                intentry                              4        4       20        8       0
                text44                              77D      77D       1B        8       0
                text43                              760      760       1D        8       0
                text42                              F72      F72        6     1EE4       0
                text41                              F84      F84        7     1F08       0
                text40                              721      721       22        8       0
                text39                              46C      46C       45        8       0
                text38                              5C2      5C2       31        8       0
                text37                              55B      55B       34        8       0
                text36                              6FF      6FF       22        8       0
                text35                                3        3        1        6       0
                text34                              7F3      7F3        D        8       0
                text32                              7C8      7C8       16        8       0
                text31                              798      798       1A        8       0
                text30                              FB4      FB4        A     1F68       0
                text29                              58F      58F       33        8       0
                text28                              F8B      F8B        8     1F16       0
                text27                              FAB      FAB        9     1F56       0
                text26                              7B2      7B2       16        8       0
                text25                              FD9      FD9       12     1FB2       0
                text24                              F6F      F6F        3     1EDE       0
                text23                              3C1      3C1       65        8       0
                text22                              1BC      1BC       F6        8       0
                text21                              33A      33A       87        8       0
                text20                              FCA      FCA        F     1F94       0
                text19                              526      526       35        8       0
                text18                              FEB      FEB       15     1FD6       0
                text17                              426      426       46        8       0
                text16                              6DD      6DD       22        8       0
                text15                              671      671       26        8       0
                text14                              F93      F93        8     1F26       0
                text13                              61F      61F       2C        8       0
                text12                              4B1      4B1       3E        8       0
                text11                              6BB      6BB       22        8       0
                text10                              64B      64B       26        8       0
                text9                               F9B      F9B        8     1F36       0
                text8                               5F3      5F3       2C        8       0
                text7                               2B2      2B2       88        8       0
                text6                               697      697       24        8       0
                text5                               F78      F78        6     1EF0       0
                text4                               743      743       1D        8       0
                text3                               7DE      7DE       15        8       0
                text2                               FA3      FA3        8     1F46       0
                text1                               4EF      4EF       37        8       0
                maintext                             5A       5A      162        8       0
                cstackBANK0                          20       20       26       20       1
                cstackCOMMON                         70       70        E       70       1
                cstackBANK2                         120      120        E      120       1
                clrtext                             FBE      FBE        C     1F7C       0
                bssBANK1                             A0       A0       44       A0       1
                dataBANK0                            5B       5B        6       20       1
                bssBANK0                             46       46       15       20       1
                stringtext2                        1002     1002        2     2000       0
                stringtext1                        1000     1000        2     2000       0
                nvBANK1                              E4       E4        2       A0       1
                nvBANK0                              61       61        1       20       1
                idataBANK0                          F7E      F7E        6     1EFC       0

TOTAL           Name                               Link     Load   Length     Space
        CLASS   STACK          

        CLASS   CODE           
                end_init                             24       24        2         0
                cinit                                26       26       34         0
                intentry                              4        4       20         0
                reset_vec                             0        0        2         0
                text44                              77D      77D       1B         0
                text43                              760      760       1D         0
                text42                              F72      F72        6         0
                text41                              F84      F84        7         0
                text40                              721      721       22         0
                text39                              46C      46C       45         0
                text38                              5C2      5C2       31         0
                text37                              55B      55B       34         0
                text36                              6FF      6FF       22         0
                text35                                3        3        1         0
                text34                              7F3      7F3        D         0
                text32                              7C8      7C8       16         0
                text31                              798      798       1A         0
                text30                              FB4      FB4        A         0
                text29                              58F      58F       33         0
                text28                              F8B      F8B        8         0
                text27                              FAB      FAB        9         0
                text26                              7B2      7B2       16         0
                text25                              FD9      FD9       12         0
                text24                              F6F      F6F        3         0
                text23                              3C1      3C1       65         0
                text22                              1BC      1BC       F6         0
                text21                              33A      33A       87         0
                text20                              FCA      FCA        F         0
                text19                              526      526       35         0
                text18                              FEB      FEB       15         0
                text17                              426      426       46         0
                text16                              6DD      6DD       22         0
                text15                              671      671       26         0
                text14                              F93      F93        8         0
                text13                              61F      61F       2C         0
                text12                              4B1      4B1       3E         0
                text11                              6BB      6BB       22         0
                text10                              64B      64B       26         0
                text9                               F9B      F9B        8         0
                text8                               5F3      5F3       2C         0
                text7                               2B2      2B2       88         0
                text6                               697      697       24         0
                text5                               F78      F78        6         0
                text4                               743      743       1D         0
                text3                               7DE      7DE       15         0
                text2                               FA3      FA3        8         0
                text1                               4EF      4EF       37         0
                maintext                             5A       5A      162         0
                clrtext                             FBE      FBE        C         0
                idataBANK0                          F7E      F7E        6         0

        CLASS   STRCODE        
                stringtext2                        1002     1002        2         0
                stringtext1                        1000     1000        2         0

        CLASS   STRING         

        CLASS   CONST          

        CLASS   ENTRY          

        CLASS   COMMON         
                cstackCOMMON                         70       70        E         1

        CLASS   BANK0          
                cstackBANK0                          20       20       26         1
                dataBANK0                            5B       5B        6         1
                bssBANK0                             46       46       15         1
                nvBANK0                              61       61        1         1

        CLASS   BANK1          
                bssBANK1                             A0       A0       44         1
                nvBANK1                              E4       E4        2         1

        CLASS   BANK2          
                cstackBANK2                         120      120        E         1

        CLASS   BANK3          

        CLASS   BANK4          

        CLASS   BANK5          

        CLASS   BANK6          

        CLASS   BANK7          

        CLASS   BANK8          

        CLASS   BANK9          

        CLASS   BANK10         

        CLASS   BANK11         

        CLASS   BANK12         

        CLASS   BIGRAM         

        CLASS   RAM            

        CLASS   ABS1           
                abs_s1                               7E       7E        2         1
                abs_s1                              5BC      5BC       34         1
                abs_s1                              620      620       30         1
                abs_s1                             238C     238C        0         1

        CLASS   SFR0           

        CLASS   SFR1           

        CLASS   SFR2           

        CLASS   SFR3           

        CLASS   SFR4           

        CLASS   SFR5           

        CLASS   SFR6           

        CLASS   SFR7           

        CLASS   SFR8           

        CLASS   SFR9           

        CLASS   SFR10          

        CLASS   SFR11          

        CLASS   SFR12          

        CLASS   SFR13          

        CLASS   SFR14          

        CLASS   SFR15          

        CLASS   SFR16          

        CLASS   SFR17          

        CLASS   SFR18          

        CLASS   SFR19          

        CLASS   SFR20          

        CLASS   SFR21          

        CLASS   SFR22          

        CLASS   SFR23          

        CLASS   SFR24          

        CLASS   SFR25          

        CLASS   SFR26          

        CLASS   SFR27          

        CLASS   SFR28          

        CLASS   SFR29          

        CLASS   SFR30          

        CLASS   SFR31          

        CLASS   CONFIG         
                config                             8007     8007        5         0

        CLASS   IDLOC          

        CLASS   EEDATA         

        CLASS   BANK31         

        CLASS   BANK30         

        CLASS   BANK29         

        CLASS   BANK28         

        CLASS   BANK27         

        CLASS   BANK26         

        CLASS   BANK25         

        CLASS   BANK24         

        CLASS   BANK23         

        CLASS   BANK22         

        CLASS   BANK21         

        CLASS   BANK20         

        CLASS   BANK19         

        CLASS   BANK18         

        CLASS   BANK17         

        CLASS   BANK16         

        CLASS   BANK15         

        CLASS   BANK14         

        CLASS   BANK13         



SEGMENTS        Name                           Load    Length   Top    Selector   Space  Class     Delta

                reset_vec                      000000  000002  000002         0       0  CODE        2
                text35                         000003  000001  000004         6       0  CODE        2
                intentry                       000004  0007FC  000800         8       0  CODE        2
                cstackBANK0                    000020  000042  000062        20       1  BANK0       1
                cstackCOMMON                   000070  00000E  00007E        70       1  COMMON      1
                bssBANK1                       0000A0  000046  0000E6        A0       1  BANK1       1
                cstackBANK2                    000120  00000E  00012E       120       1  BANK2       1
                text24                         000F6F  000003  000F72      1EDE       0  CODE        2
                text42                         000F72  000006  000F78      1EE4       0  CODE        2
                text5                          000F78  000006  000F7E      1EF0       0  CODE        2
                idataBANK0                     000F7E  000006  000F84      1EFC       0  CODE        2
                text41                         000F84  000007  000F8B      1F08       0  CODE        2
                text28                         000F8B  000008  000F93      1F16       0  CODE        2
                text14                         000F93  000008  000F9B      1F26       0  CODE        2
                text9                          000F9B  000008  000FA3      1F36       0  CODE        2
                text2                          000FA3  000008  000FAB      1F46       0  CODE        2
                text27                         000FAB  000009  000FB4      1F56       0  CODE        2
                text30                         000FB4  00000A  000FBE      1F68       0  CODE        2
                clrtext                        000FBE  00000C  000FCA      1F7C       0  CODE        2
                text20                         000FCA  00000F  000FD9      1F94       0  CODE        2
                text25                         000FD9  000012  000FEB      1FB2       0  CODE        2
                text18                         000FEB  000015  001000      1FD6       0  CODE        2
                stringtext1                    001000  000004  001004      2000       0  STRCODE     2
                config                         008007  000005  00800C     1000E       0  CONFIG      2


UNUSED ADDRESS RANGES

        Name                Unused          Largest block    Delta
        BANK0            00062-0006F               E           1
        BANK1            000E6-000EF               A           1
        BANK10           00520-0056F              50           1
        BANK11           005A0-005BB              1C           1
        BANK2            0012E-0016F              42           1
        BANK3            001A0-001EF              50           1
        BANK4            00220-0026F              50           1
        BANK5            002A0-002EF              50           1
        BANK6            00320-0036F              50           1
        BANK7            003A0-003EF              50           1
        BANK8            00420-0046F              50           1
        BANK9            004A0-004EF              50           1
        BIGRAM           02000-023EF             3F0           1
        CODE             00002-00002               1           2
                         00800-00F6E             76F
                         01004-01FFF             7FC
        CONST            00002-00002               1           2
                         00800-00F6E             100
                         01004-01FFF             100
        EEDATA           0F000-0F0FF             100           2
        ENTRY            00002-00002               1           2
                         00800-00F6E             100
                         01004-01FFF             100
        IDLOC            08000-08003               4           2
        RAM              00062-0006F               E           1
                         000E6-000EF               A
                         0012E-0016F              42
                         001A0-001EF              50
                         00220-0026F              50
                         002A0-002EF              50
                         00320-0036F              50
                         003A0-003EF              50
                         00420-0046F              50
                         004A0-004EF              50
                         00520-0056F              50
                         005A0-005BB              1C
        SFR0             00000-0001F              20           1
        SFR1             00080-0009F              20           1
        SFR10            00500-0051F              20           1
        SFR11            00580-0059F              20           1
        SFR12            00600-0061F              20           1
        SFR13            00680-006EF              70           1
        SFR14            00700-0076F              70           1
        SFR15            00780-007EF              70           1
        SFR16            00800-0086F              70           1
        SFR17            00880-008EF              70           1
        SFR18            00900-0096F              70           1
        SFR19            00980-009EF              70           1
        SFR2             00100-0011F              20           1
        SFR20            00A00-00A6F              70           1
        SFR21            00A80-00AEF              70           1
        SFR22            00B00-00B6F              70           1
        SFR23            00B80-00BEF              70           1
        SFR24            00C00-00C6F              70           1
        SFR25            00C80-00CEF              70           1
        SFR26            00D00-00D6F              70           1
        SFR27            00D80-00DEF              70           1
        SFR28            00E00-00E6F              70           1
        SFR29            00E80-00EEF              70           1
        SFR3             00180-0019F              20           1
        SFR30            00F00-00F6F              70           1
        SFR31            00F80-00FEF              70           1
        SFR4             00200-0021F              20           1
        SFR5             00280-0029F              20           1
        SFR6             00300-0031F              20           1
        SFR7             00380-0039F              20           1
        SFR8             00400-0041F              20           1
        SFR9             00480-0049F              20           1
        STACK            020AE-0238B             2DE           1
        STRCODE          00002-00002               1           2
                         00800-00F6E             76F
                         01004-01FFF             FFC
        STRING           00002-00002               1           2
                         00800-00F6E             100
                         01004-01FFF             100

                                  Symbol Table

?_ADCC_GetConversionResult                cstackCOMMON 00070
?___awmod                                 cstackBANK0  00023
?___ftadd                                 cstackBANK0  0002B
?___ftpack                                cstackBANK0  00023
?___fttol                                 cstackBANK0  00034
?___lwdiv                                 cstackBANK0  00023
?___lwtoft                                cstackBANK0  0002B
?_abs                                     cstackBANK0  00023
?_get_moving_average                      cstackBANK0  0002F
?_get_neutral_peaktopeak                  cstackBANK0  0002D
?_printf                                  cstackBANK0  00026
?_sbuf_peek                               cstackBANK0  00023
?i1___awmod                               cstackCOMMON 00070
?i1___lwdiv                               cstackCOMMON 00070
ADCC_StartConversion@channel              cstackCOMMON 00070
EUSART_Write@txData                       cstackBANK0  00024
TMR6_EMG_InterruptHandler@adval           cstackBANK0  00020
TMR6_SetInterruptHandler@InterruptHandler cstackBANK0  00023
_ADACCH                                   (abs)        00091
_ADACCL                                   (abs)        00090
_ADACQ                                    (abs)        0009D
_ADACT                                    (abs)        00099
_ADCAP                                    (abs)        0009B
_ADCC_GetConversionResult                 text42       00F72
_ADCC_Initialize                          text32       007C8
_ADCC_StartConversion                     text41       00F84
_ADCLK                                    (abs)        00098
_ADCNT                                    (abs)        0010C
_ADCON0                                   (abs)        00093
_ADCON0bits                               (abs)        00093
_ADCON1                                   (abs)        00094
_ADCON1bits                               (abs)        00094
_ADCON2                                   (abs)        00095
_ADCON2bits                               (abs)        00095
_ADCON3                                   (abs)        00096
_ADCON3bits                               (abs)        00096
_ADERRH                                   (abs)        00117
_ADERRL                                   (abs)        00116
_ADFLTRH                                  (abs)        00115
_ADFLTRL                                  (abs)        00114
_ADLTHH                                   (abs)        0010F
_ADLTHL                                   (abs)        0010E
_ADPCH                                    (abs)        0009E
_ADPRE                                    (abs)        0009C
_ADPREVH                                  (abs)        0008F
_ADPREVL                                  (abs)        0008E
_ADREF                                    (abs)        0009A
_ADRESH                                   (abs)        0008D
_ADRESL                                   (abs)        0008C
_ADRPT                                    (abs)        0010D
_ADSTAT                                   (abs)        00097
_ADSTATbits                               (abs)        00097
_ADSTPTH                                  (abs)        00113
_ADSTPTL                                  (abs)        00112
_ADUTHH                                   (abs)        00111
_ADUTHL                                   (abs)        00110
_ANSELA                                   (abs)        00F38
_ANSELB                                   (abs)        00F43
_ANSELC                                   (abs)        00F4E
_ANSELD                                   (abs)        00F59
_ANSELE                                   (abs)        00F64
_BAUD1CON                                 (abs)        0011F
_EUSART_Initialize                        text31       00798
_EUSART_Receive_ISR                       text44       0077D
_EUSART_Transmit_ISR                      text43       00760
_EUSART_Write                             text6        00697
_INTCONbits                               (abs)        0000B
_INTERRUPT_InterruptManager               intentry     00004
_LATA                                     (abs)        00016
_LATAbits                                 (abs)        00016
_LATB                                     (abs)        00017
_LATC                                     (abs)        00018
_LATD                                     (abs)        00019
_LATE                                     (abs)        0001A
_ODCONA                                   (abs)        00F3A
_ODCONB                                   (abs)        00F45
_ODCONC                                   (abs)        00F50
_ODCOND                                   (abs)        00F5B
_ODCONE                                   (abs)        00F66
_OSCCON1                                  (abs)        0088D
_OSCCON3                                  (abs)        0088F
_OSCEN                                    (abs)        00891
_OSCFRQ                                   (abs)        00893
_OSCILLATOR_Initialize                    text30       00FB4
_OSCTUNE                                  (abs)        00892
_PIE3bits                                 (abs)        00719
_PIE4bits                                 (abs)        0071A
_PIN_MANAGER_Initialize                   text29       0058F
_PIR3bits                                 (abs)        0070F
_PIR4bits                                 (abs)        00710
_PMD0                                     (abs)        00796
_PMD1                                     (abs)        00797
_PMD2                                     (abs)        00798
_PMD3                                     (abs)        00799
_PMD4                                     (abs)        0079A
_PMD5                                     (abs)        0079B
_PMD_Initialize                           text28       00F8B
_PORTBbits                                (abs)        0000D
_PORTCbits                                (abs)        0000E
_PR6                                      (abs)        00299
_RC1REG                                   (abs)        00119
_RC1STA                                   (abs)        0011D
_RC1STAbits                               (abs)        0011D
_RC6PPS                                   (abs)        00F26
_RXPPSbits                                (abs)        00ECB
_SP1BRGH                                  (abs)        0011C
_SP1BRGL                                  (abs)        0011B
_SYSTEM_Initialize                        text25       00FD9
_T6AINPPSbits                             (abs)        00E9E
_T6CLKCON                                 (abs)        0029C
_T6CON                                    (abs)        0029A
_T6CONbits                                (abs)        0029A
_T6HLT                                    (abs)        0029B
_T6HLTbits                                (abs)        0029B
_T6PR                                     (abs)        00299
_T6RST                                    (abs)        0029D
_T6RSTbits                                (abs)        0029D
_T6TMR                                    (abs)        00298
_TMR6                                     (abs)        00298
_TMR6_DefaultInterruptHandler             text35       00003
_TMR6_EMG_InterruptHandler                text36       006FF
_TMR6_ISR                                 text34       007F3
_TMR6_Initialize                          text26       007B2
_TMR6_InterruptHandler                    nvBANK1      000E4
_TMR6_SetInterruptHandler                 text27       00FAB
_TMR6_Start                               text24       00F6F
_TRISA                                    (abs)        00011
_TRISB                                    (abs)        00012
_TRISC                                    (abs)        00013
_TRISD                                    (abs)        00014
_TRISE                                    (abs)        00015
_TX1REG                                   (abs)        0011A
_TX1STA                                   (abs)        0011E
_WPUA                                     (abs)        00F39
_WPUB                                     (abs)        00F44
_WPUC                                     (abs)        00F4F
_WPUD                                     (abs)        00F5A
_WPUE                                     (abs)        00F65
__CFG_BOREN$ON                            (abs)        00000
__CFG_BORV$LO                             (abs)        00000
__CFG_CLKOUTEN$OFF                        (abs)        00000
__CFG_CP$OFF                              (abs)        00000
__CFG_CPD$OFF                             (abs)        00000
__CFG_CSWEN$ON                            (abs)        00000
__CFG_DEBUG$OFF                           (abs)        00000
__CFG_FCMEN$ON                            (abs)        00000
__CFG_FEXTOSC$OFF                         (abs)        00000
__CFG_LPBOREN$OFF                         (abs)        00000
__CFG_LVP$ON                              (abs)        00000
__CFG_MCLRE$ON                            (abs)        00000
__CFG_PPS1WAY$ON                          (abs)        00000
__CFG_PWRTE$OFF                           (abs)        00000
__CFG_RSTOSC$HFINT1                       (abs)        00000
__CFG_SCANE$available                     (abs)        00000
__CFG_STVREN$ON                           (abs)        00000
__CFG_WDTCCS$SC                           (abs)        00000
__CFG_WDTCPS$WDTCPS_31                    (abs)        00000
__CFG_WDTCWS$WDTCWS_7                     (abs)        00000
__CFG_WDTE$OFF                            (abs)        00000
__CFG_WRT$OFF                             (abs)        00000
__CFG_ZCD$OFF                             (abs)        00000
__Habs1                                   abs1         00000
__Hbank0                                  bank0        00000
__Hbank1                                  bank1        00000
__Hbank10                                 bank10       00000
__Hbank11                                 bank11       00000
__Hbank12                                 bank12       00000
__Hbank13                                 bank13       00000
__Hbank14                                 bank14       00000
__Hbank15                                 bank15       00000
__Hbank16                                 bank16       00000
__Hbank17                                 bank17       00000
__Hbank18                                 bank18       00000
__Hbank19                                 bank19       00000
__Hbank2                                  bank2        00000
__Hbank20                                 bank20       00000
__Hbank21                                 bank21       00000
__Hbank22                                 bank22       00000
__Hbank23                                 bank23       00000
__Hbank24                                 bank24       00000
__Hbank25                                 bank25       00000
__Hbank26                                 bank26       00000
__Hbank27                                 bank27       00000
__Hbank28                                 bank28       00000
__Hbank29                                 bank29       00000
__Hbank3                                  bank3        00000
__Hbank30                                 bank30       00000
__Hbank31                                 bank31       00000
__Hbank4                                  bank4        00000
__Hbank5                                  bank5        00000
__Hbank6                                  bank6        00000
__Hbank7                                  bank7        00000
__Hbank8                                  bank8        00000
__Hbank9                                  bank9        00000
__Hbigram                                 bigram       00000
__HbssBANK0                               bssBANK0     00000
__HbssBANK1                               bssBANK1     00000
__Hcinit                                  cinit        0005A
__Hclrtext                                clrtext      00000
__Hcode                                   code         00000
__Hcommon                                 common       00000
__Hconfig                                 config       0800C
__HcstackBANK0                            cstackBANK0  00000
__HcstackBANK2                            cstackBANK2  00000
__HcstackCOMMON                           cstackCOMMON 00000
__HdataBANK0                              dataBANK0    00000
__Heeprom_data                            eeprom_data  00000
__Hend_init                               end_init     00026
__Hfunctab                                functab      00000
__HidataBANK0                             idataBANK0   00000
__Hidloc                                  idloc        00000
__Hinit                                   init         00024
__Hintentry                               intentry     00024
__Hmaintext                               maintext     00000
__HnvBANK0                                nvBANK0      00000
__HnvBANK1                                nvBANK1      00000
__Hpowerup                                powerup      00000
__Hram                                    ram          00000
__Hreset_vec                              reset_vec    00002
__Hsfr0                                   sfr0         00000
__Hsfr1                                   sfr1         00000
__Hsfr10                                  sfr10        00000
__Hsfr11                                  sfr11        00000
__Hsfr12                                  sfr12        00000
__Hsfr13                                  sfr13        00000
__Hsfr14                                  sfr14        00000
__Hsfr15                                  sfr15        00000
__Hsfr16                                  sfr16        00000
__Hsfr17                                  sfr17        00000
__Hsfr18                                  sfr18        00000
__Hsfr19                                  sfr19        00000
__Hsfr2                                   sfr2         00000
__Hsfr20                                  sfr20        00000
__Hsfr21                                  sfr21        00000
__Hsfr22                                  sfr22        00000
__Hsfr23                                  sfr23        00000
__Hsfr24                                  sfr24        00000
__Hsfr25                                  sfr25        00000
__Hsfr26                                  sfr26        00000
__Hsfr27                                  sfr27        00000
__Hsfr28                                  sfr28        00000
__Hsfr29                                  sfr29        00000
__Hsfr3                                   sfr3         00000
__Hsfr30                                  sfr30        00000
__Hsfr31                                  sfr31        00000
__Hsfr4                                   sfr4         00000
__Hsfr5                                   sfr5         00000
__Hsfr6                                   sfr6         00000
__Hsfr7                                   sfr7         00000
__Hsfr8                                   sfr8         00000
__Hsfr9                                   sfr9         00000
__Hspace_0                                (abs)        0800C
__Hspace_1                                (abs)        0012E
__Hspace_2                                (abs)        00000
__Hspace_3                                (abs)        00000
__Hstack                                  stack        00000
__Hstrings                                strings      00000
__Hstringtext1                            stringtext1  00000
__Hstringtext2                            stringtext2  00000
__Hstringtext3                            stringtext3  00000
__Htext                                   text         00000
__Labs1                                   abs1         00000
__Lbank0                                  bank0        00000
__Lbank1                                  bank1        00000
__Lbank10                                 bank10       00000
__Lbank11                                 bank11       00000
__Lbank12                                 bank12       00000
__Lbank13                                 bank13       00000
__Lbank14                                 bank14       00000
__Lbank15                                 bank15       00000
__Lbank16                                 bank16       00000
__Lbank17                                 bank17       00000
__Lbank18                                 bank18       00000
__Lbank19                                 bank19       00000
__Lbank2                                  bank2        00000
__Lbank20                                 bank20       00000
__Lbank21                                 bank21       00000
__Lbank22                                 bank22       00000
__Lbank23                                 bank23       00000
__Lbank24                                 bank24       00000
__Lbank25                                 bank25       00000
__Lbank26                                 bank26       00000
__Lbank27                                 bank27       00000
__Lbank28                                 bank28       00000
__Lbank29                                 bank29       00000
__Lbank3                                  bank3        00000
__Lbank30                                 bank30       00000
__Lbank31                                 bank31       00000
__Lbank4                                  bank4        00000
__Lbank5                                  bank5        00000
__Lbank6                                  bank6        00000
__Lbank7                                  bank7        00000
__Lbank8                                  bank8        00000
__Lbank9                                  bank9        00000
__Lbigram                                 bigram       00000
__LbssBANK0                               bssBANK0     00000
__LbssBANK1                               bssBANK1     00000
__Lcinit                                  cinit        00026
__Lclrtext                                clrtext      00000
__Lcode                                   code         00000
__Lcommon                                 common       00000
__Lconfig                                 config       08007
__LcstackBANK0                            cstackBANK0  00000
__LcstackBANK2                            cstackBANK2  00000
__LcstackCOMMON                           cstackCOMMON 00000
__LdataBANK0                              dataBANK0    00000
__Leeprom_data                            eeprom_data  00000
__Lend_init                               end_init     00024
__Lfunctab                                functab      00000
__LidataBANK0                             idataBANK0   00000
__Lidloc                                  idloc        00000
__Linit                                   init         00024
__Lintentry                               intentry     00004
__Lmaintext                               maintext     00000
__LnvBANK0                                nvBANK0      00000
__LnvBANK1                                nvBANK1      00000
__Lpowerup                                powerup      00000
__Lram                                    ram          00000
__Lreset_vec                              reset_vec    00000
__Lsfr0                                   sfr0         00000
__Lsfr1                                   sfr1         00000
__Lsfr10                                  sfr10        00000
__Lsfr11                                  sfr11        00000
__Lsfr12                                  sfr12        00000
__Lsfr13                                  sfr13        00000
__Lsfr14                                  sfr14        00000
__Lsfr15                                  sfr15        00000
__Lsfr16                                  sfr16        00000
__Lsfr17                                  sfr17        00000
__Lsfr18                                  sfr18        00000
__Lsfr19                                  sfr19        00000
__Lsfr2                                   sfr2         00000
__Lsfr20                                  sfr20        00000
__Lsfr21                                  sfr21        00000
__Lsfr22                                  sfr22        00000
__Lsfr23                                  sfr23        00000
__Lsfr24                                  sfr24        00000
__Lsfr25                                  sfr25        00000
__Lsfr26                                  sfr26        00000
__Lsfr27                                  sfr27        00000
__Lsfr28                                  sfr28        00000
__Lsfr29                                  sfr29        00000
__Lsfr3                                   sfr3         00000
__Lsfr30                                  sfr30        00000
__Lsfr31                                  sfr31        00000
__Lsfr4                                   sfr4         00000
__Lsfr5                                   sfr5         00000
__Lsfr6                                   sfr6         00000
__Lsfr7                                   sfr7         00000
__Lsfr8                                   sfr8         00000
__Lsfr9                                   sfr9         00000
__Lspace_0                                (abs)        00000
__Lspace_1                                (abs)        00000
__Lspace_2                                (abs)        00000
__Lspace_3                                (abs)        00000
__Lstack                                  stack        00000
__Lstrings                                strings      00000
__Lstringtext1                            stringtext1  00000
__Lstringtext2                            stringtext2  00000
__Lstringtext3                            stringtext3  00000
__Ltext                                   text         00000
__S0                                      (abs)        0800C
__S1                                      (abs)        0012E
__S2                                      (abs)        00000
__S3                                      (abs)        00000
___awmod                                  text17       00426
___awmod@counter                          cstackBANK0  00028
___awmod@dividend                         cstackBANK0  00025
___awmod@divisor                          cstackBANK0  00023
___awmod@sign                             cstackBANK0  00029
___ftadd                                  text22       001BC
___ftadd@exp1                             cstackBANK0  00037
___ftadd@exp2                             cstackBANK0  00036
___ftadd@f1                               cstackBANK0  0002B
___ftadd@f2                               cstackBANK0  0002E
___ftadd@sign                             cstackBANK0  00035
___ftpack                                 text23       003C1
___ftpack@arg                             cstackBANK0  00023
___ftpack@exp                             cstackBANK0  00026
___ftpack@sign                            cstackBANK0  00027
___fttol                                  text21       0033A
___fttol@exp1                             cstackBANK0  00041
___fttol@f1                               cstackBANK0  00034
___fttol@lval                             cstackBANK0  0003D
___fttol@sign1                            cstackBANK0  0003C
___int_sp                                 stack        00000
___latbits                                (abs)        00002
___lwdiv                                  text19       00526
___lwdiv@counter                          cstackBANK0  00028
___lwdiv@dividend                         cstackBANK0  00025
___lwdiv@divisor                          cstackBANK0  00023
___lwdiv@quotient                         cstackBANK0  00029
___lwtoft                                 text18       00FEB
___lwtoft@c                               cstackBANK0  0002B
___sp                                     stack        00000
__end_of_ADCC_GetConversionResult         text42       00F78
__end_of_ADCC_Initialize                  text32       007DE
__end_of_ADCC_StartConversion             text41       00F8B
__end_of_EUSART_Initialize                text31       007B2
__end_of_EUSART_Receive_ISR               text44       00798
__end_of_EUSART_Transmit_ISR              text43       0077D
__end_of_EUSART_Write                     text6        006BB
__end_of_INTERRUPT_InterruptManager       intentry     00024
__end_of_OSCILLATOR_Initialize            text30       00FBE
__end_of_PIN_MANAGER_Initialize           text29       005C2
__end_of_PMD_Initialize                   text28       00F93
__end_of_SYSTEM_Initialize                text25       00FEB
__end_of_TMR6_DefaultInterruptHandler     text35       00004
__end_of_TMR6_EMG_InterruptHandler        text36       00721
__end_of_TMR6_ISR                         text34       00800
__end_of_TMR6_Initialize                  text26       007C8
__end_of_TMR6_SetInterruptHandler         text27       00FB4
__end_of_TMR6_Start                       text24       00F72
__end_of___awmod                          text17       0046C
__end_of___ftadd                          text22       002B2
__end_of___ftpack                         text23       00426
__end_of___fttol                          text21       003C1
__end_of___lwdiv                          text19       0055B
__end_of___lwtoft                         text18       01000
__end_of__initialization                  cinit        00056
__end_of_abs                              text20       00FD9
__end_of_get_moving_average               text12       004EF
__end_of_get_neutral_peaktopeak           text7        0033A
__end_of_madata_insert                    text15       00697
__end_of_madata_isempty                   text14       00F9B
__end_of_madata_isfull                    text16       006FF
__end_of_madata_remove                    text13       0064B
__end_of_main                             maintext     001BC
__end_of_pkdata_insert                    text10       00671
__end_of_pkdata_isempty                   text9        00FA3
__end_of_pkdata_isfull                    text11       006DD
__end_of_pkdata_remove                    text8        0061F
__end_of_printf                           text4        00760
__end_of_putch                            text5        00F7E
__end_of_sbuf_insert                      text38       005F3
__end_of_sbuf_isempty                     text2        00FAB
__end_of_sbuf_isfull                      text40       00743
__end_of_sbuf_peek                        text3        007F3
__end_of_sbuf_remove                      text1        00526
__end_ofi1___awmod                        text39       004B1
__end_ofi1___lwdiv                        text37       0058F
__initialization                          cinit        00026
__pbssBANK0                               bssBANK0     00046
__pbssBANK1                               bssBANK1     000A0
__pbssBIGRAM                              (abs)        0238C
__pcstackBANK0                            cstackBANK0  00020
__pcstackBANK2                            cstackBANK2  00120
__pcstackCOMMON                           cstackCOMMON 00070
__pdataBANK0                              dataBANK0    0005B
__pidataBANK0                             idataBANK0   00F7E
__pintentry                               intentry     00004
__pmaintext                               maintext     0005A
__pnvBANK0                                nvBANK0      00061
__pnvBANK1                                nvBANK1      000E4
__pstringtext1                            stringtext1  01000
__pstringtext2                            stringtext2  01002
__pstringtext3                            stringtext3  00000
__ptext1                                  text1        004EF
__ptext10                                 text10       0064B
__ptext11                                 text11       006BB
__ptext12                                 text12       004B1
__ptext13                                 text13       0061F
__ptext14                                 text14       00F93
__ptext15                                 text15       00671
__ptext16                                 text16       006DD
__ptext17                                 text17       00426
__ptext18                                 text18       00FEB
__ptext19                                 text19       00526
__ptext2                                  text2        00FA3
__ptext20                                 text20       00FCA
__ptext21                                 text21       0033A
__ptext22                                 text22       001BC
__ptext23                                 text23       003C1
__ptext24                                 text24       00F6F
__ptext25                                 text25       00FD9
__ptext26                                 text26       007B2
__ptext27                                 text27       00FAB
__ptext28                                 text28       00F8B
__ptext29                                 text29       0058F
__ptext3                                  text3        007DE
__ptext30                                 text30       00FB4
__ptext31                                 text31       00798
__ptext32                                 text32       007C8
__ptext34                                 text34       007F3
__ptext35                                 text35       00003
__ptext36                                 text36       006FF
__ptext37                                 text37       0055B
__ptext38                                 text38       005C2
__ptext39                                 text39       0046C
__ptext4                                  text4        00743
__ptext40                                 text40       00721
__ptext41                                 text41       00F84
__ptext42                                 text42       00F72
__ptext43                                 text43       00760
__ptext44                                 text44       0077D
__ptext5                                  text5        00F78
__ptext6                                  text6        00697
__ptext7                                  text7        002B2
__ptext8                                  text8        005F3
__ptext9                                  text9        00F9B
__size_of_ADCC_GetConversionResult        (abs)        00000
__size_of_ADCC_Initialize                 (abs)        00000
__size_of_ADCC_StartConversion            (abs)        00000
__size_of_EUSART_Initialize               (abs)        00000
__size_of_EUSART_Receive_ISR              (abs)        00000
__size_of_EUSART_Transmit_ISR             (abs)        00000
__size_of_EUSART_Write                    (abs)        00000
__size_of_INTERRUPT_InterruptManager      (abs)        00000
__size_of_OSCILLATOR_Initialize           (abs)        00000
__size_of_PIN_MANAGER_Initialize          (abs)        00000
__size_of_PMD_Initialize                  (abs)        00000
__size_of_SYSTEM_Initialize               (abs)        00000
__size_of_TMR6_DefaultInterruptHandler    (abs)        00000
__size_of_TMR6_EMG_InterruptHandler       (abs)        00000
__size_of_TMR6_ISR                        (abs)        00000
__size_of_TMR6_Initialize                 (abs)        00000
__size_of_TMR6_SetInterruptHandler        (abs)        00000
__size_of_TMR6_Start                      (abs)        00000
__size_of___awmod                         (abs)        00000
__size_of___ftadd                         (abs)        00000
__size_of___ftpack                        (abs)        00000
__size_of___fttol                         (abs)        00000
__size_of___lwdiv                         (abs)        00000
__size_of___lwtoft                        (abs)        00000
__size_of_abs                             (abs)        00000
__size_of_get_moving_average              (abs)        00000
__size_of_get_neutral_peaktopeak          (abs)        00000
__size_of_madata_insert                   (abs)        00000
__size_of_madata_isempty                  (abs)        00000
__size_of_madata_isfull                   (abs)        00000
__size_of_madata_remove                   (abs)        00000
__size_of_main                            (abs)        00000
__size_of_pkdata_insert                   (abs)        00000
__size_of_pkdata_isempty                  (abs)        00000
__size_of_pkdata_isfull                   (abs)        00000
__size_of_pkdata_remove                   (abs)        00000
__size_of_printf                          (abs)        00000
__size_of_putch                           (abs)        00000
__size_of_sbuf_insert                     (abs)        00000
__size_of_sbuf_isempty                    (abs)        00000
__size_of_sbuf_isfull                     (abs)        00000
__size_of_sbuf_peek                       (abs)        00000
__size_of_sbuf_remove                     (abs)        00000
__size_ofi1___awmod                       (abs)        00000
__size_ofi1___lwdiv                       (abs)        00000
_abs                                      text20       00FCA
_eusartRxBuffer                           bssBANK1     000D4
_eusartRxCount                            bssBANK0     00052
_eusartRxHead                             bssBANK0     00054
_eusartRxTail                             bssBANK0     00053
_eusartTxBuffer                           bssBANK1     000DC
_eusartTxBufferRemaining                  nvBANK0      00061
_eusartTxHead                             bssBANK0     00056
_eusartTxTail                             bssBANK0     00055
_get_moving_average                       text12       004B1
_get_neutral_peaktopeak                   text7        002B2
_i                                        bssBANK0     00059
_ma_data                                  bssBANK1     000A0
_ma_front                                 dataBANK0    0005C
_ma_rear                                  dataBANK0    0005B
_ma_window_sum                            bssBANK0     00050
_madata_insert                            text15       00671
_madata_isempty                           text14       00F93
_madata_isfull                            text16       006DD
_madata_remove                            text13       0061F
_main                                     maintext     0005A
_pk_data                                  bssBANK0     00046
_pk_front                                 dataBANK0    0005E
_pk_rear                                  dataBANK0    0005D
_pkdata_insert                            text10       0064B
_pkdata_isempty                           text9        00F9B
_pkdata_isfull                            text11       006BB
_pkdata_remove                            text8        005F3
_printf                                   text4        00743
_putch                                    text5        00F78
_sb_data                                  (abs)        0238C
_sb_front                                 dataBANK0    00060
_sb_rear                                  dataBANK0    0005F
_sbuf_insert                              text38       005C2
_sbuf_isempty                             text2        00FA3
_sbuf_isfull                              text40       00721
_sbuf_peek                                text3        007DE
_sbuf_remove                              text1        004EF
_sent_0                                   bssBANK0     00057
_sent_1                                   bssBANK0     00058
_start_flag                               bssBANK0     0005A
abs@a                                     cstackBANK0  00023
btemp                                     (abs)        0007E
clear_ram0                                clrtext      00FBE
end_of_initialization                     cinit        00056
get_moving_average@datapoint              cstackBANK0  0002F
get_neutral_peaktopeak@datapoint          cstackBANK0  0002D
get_neutral_peaktopeak@highest_peak       cstackBANK0  00035
get_neutral_peaktopeak@i                  cstackBANK0  00039
get_neutral_peaktopeak@lowest_peak        cstackBANK0  00037
get_neutral_peaktopeak@neutral            cstackBANK0  00033
i1___awmod                                text39       0046C
i1___awmod@counter                        cstackCOMMON 00075
i1___awmod@dividend                       cstackCOMMON 00072
i1___awmod@divisor                        cstackCOMMON 00070
i1___awmod@sign                           cstackCOMMON 00076
i1___lwdiv                                text37       0055B
i1___lwdiv@counter                        cstackCOMMON 00077
i1___lwdiv@dividend                       cstackCOMMON 00072
i1___lwdiv@divisor                        cstackCOMMON 00070
i1___lwdiv@quotient                       cstackCOMMON 00075
int$flags                                 (abs)        0007E
intlevel0                                 functab      00000
intlevel1                                 functab      00000
intlevel2                                 functab      00000
intlevel3                                 functab      00000
intlevel4                                 functab      00000
intlevel5                                 functab      00000
madata_insert@element                     cstackBANK0  0002A
madata_remove@element                     cstackBANK0  0002B
main@count                                cstackBANK2  00126
main@datapoint                            cstackBANK2  00129
main@flex_flag                            cstackBANK2  0012B
main@mode                                 cstackBANK2  00125
main@motor_started                        cstackBANK2  00128
main@neutral_datapoint                    cstackBANK2  00123
main@result                               cstackBANK2  0012C
main@time_elapsed                         cstackBANK2  00120
pkdata_insert@element                     cstackBANK0  0002A
pkdata_remove@element                     cstackBANK0  0002B
printf@ap                                 cstackBANK0  0002B
printf@c                                  cstackBANK0  0002C
printf@f                                  cstackBANK0  00026
putch@txData                              cstackBANK0  00025
reset_vec                                 reset_vec    00000
sbuf_insert@element                       cstackCOMMON 00078
sbuf_remove@element                       cstackBANK0  0002E
stackhi                                   (abs)        0238B
stacklo                                   (abs)        020AE
start                                     init         00024
start_initialization                      cinit        00026
wtemp0                                    (abs)        0007E


FUNCTION INFORMATION:

 *************** function _main *****************
 Defined at:
		line 90 in file "main.c"
 Parameters:    Size  Location     Type
		None
 Auto vars:     Size  Location     Type
  time_elapsed    3    0[BANK2 ] PTR FTN()void 
  result          2   12[BANK2 ] unsigned int 
  datapoint       2    9[BANK2 ] unsigned int 
  count           2    6[BANK2 ] int 
  neutral_data    2    3[BANK2 ] unsigned int 
  flex_flag       1   11[BANK2 ] unsigned char 
  motor_starte    1    8[BANK2 ] unsigned char 
  mode            1    5[BANK2 ] unsigned char 
 Return value:  Size  Location     Type
                  1    wreg      void 
 Registers used:
		wreg, fsr0l, fsr0h, fsr1l, fsr1h, status,2, status,0, pclath, cstack
 Tracked objects:
		On entry : 
		On exit  : 
		Unchanged: 
 Data sizes:     COMMON   BANK0   BANK1   BANK2   BANK3   BANK4   BANK5   BANK6   BANK7   BANK8   BANK9  BANK10  BANK11  BANK12
      Params:         0       0       0       0       0       0       0       0       0       0       0       0       0       0
      Locals:         0       0       0      14       0       0       0       0       0       0       0       0       0       0
      Temps:          0       4       0       0       0       0       0       0       0       0       0       0       0       0
      Totals:         0       4       0      14       0       0       0       0       0       0       0       0       0       0
Total ram usage:       18 bytes
 Hardware stack levels required when called:    8
 This function calls:
		_SYSTEM_Initialize
		_TMR6_SetInterruptHandler
		_TMR6_Start
		___awmod
		___ftadd
		___fttol
		_abs
		_get_moving_average
		_get_neutral_peaktopeak
		_printf
		_sbuf_peek
		_sbuf_remove
 This function is called by:
		Startup code after reset
 This function uses a non-reentrant model


 *************** function _sbuf_remove *****************
 Defined at:
		line 89 in file "signal_buffer.c"
 Parameters:    Size  Location     Type
		None
 Auto vars:     Size  Location     Type
  element         2   14[BANK0 ] unsigned int 
 Return value:  Size  Location     Type
                  1    wreg      unsigned char 
 Registers used:
		wreg, fsr1l, fsr1h, status,2, status,0, pclath, cstack
 Tracked objects:
		On entry : 
		On exit  : 
		Unchanged: 
 Data sizes:     COMMON   BANK0   BANK1   BANK2   BANK3   BANK4   BANK5   BANK6   BANK7   BANK8   BANK9  BANK10  BANK11  BANK12
      Params:         0       0       0       0       0       0       0       0       0       0       0       0       0       0
      Locals:         0       2       0       0       0       0       0       0       0       0       0       0       0       0
      Temps:          0       4       0       0       0       0       0       0       0       0       0       0       0       0
      Totals:         0       6       0       0       0       0       0       0       0       0       0       0       0       0
Total ram usage:        6 bytes
 Hardware stack levels used:    1
 Hardware stack levels required when called:    6
 This function calls:
		___awmod
		_sbuf_isempty
 This function is called by:
		_main
 This function uses a non-reentrant model


 *************** function _sbuf_isempty *****************
 Defined at:
		line 61 in file "signal_buffer.c"
 Parameters:    Size  Location     Type
		None
 Auto vars:     Size  Location     Type
		None
 Return value:  Size  Location     Type
                  1    wreg      unsigned char 
 Registers used:
		wreg, status,2, status,0
 Tracked objects:
		On entry : 
		On exit  : 
		Unchanged: 
 Data sizes:     COMMON   BANK0   BANK1   BANK2   BANK3   BANK4   BANK5   BANK6   BANK7   BANK8   BANK9  BANK10  BANK11  BANK12
      Params:         0       0       0       0       0       0       0       0       0       0       0       0       0       0
      Locals:         0       0       0       0       0       0       0       0       0       0       0       0       0       0
      Temps:          0       0       0       0       0       0       0       0       0       0       0       0       0       0
      Totals:         0       0       0       0       0       0       0       0       0       0       0       0       0       0
Total ram usage:        0 bytes
 Hardware stack levels used:    1
 Hardware stack levels required when called:    5
 This function calls:
		Nothing
 This function is called by:
		_sbuf_remove
 This function uses a non-reentrant model


 *************** function _sbuf_peek *****************
 Defined at:
		line 110 in file "signal_buffer.c"
 Parameters:    Size  Location     Type
		None
 Auto vars:     Size  Location     Type
		None
 Return value:  Size  Location     Type
                  2    3[BANK0 ] unsigned int 
 Registers used:
		wreg, fsr1l, fsr1h, status,2, status,0
 Tracked objects:
		On entry : 
		On exit  : 
		Unchanged: 
 Data sizes:     COMMON   BANK0   BANK1   BANK2   BANK3   BANK4   BANK5   BANK6   BANK7   BANK8   BANK9  BANK10  BANK11  BANK12
      Params:         0       2       0       0       0       0       0       0       0       0       0       0       0       0
      Locals:         0       0       0       0       0       0       0       0       0       0       0       0       0       0
      Temps:          0       4       0       0       0       0       0       0       0       0       0       0       0       0
      Totals:         0       6       0       0       0       0       0       0       0       0       0       0       0       0
Total ram usage:        6 bytes
 Hardware stack levels used:    1
 Hardware stack levels required when called:    5
 This function calls:
		Nothing
 This function is called by:
		_main
 This function uses a non-reentrant model


 *************** function _printf *****************
 Defined at:
		line 464 in file "C:\Program Files (x86)\Microchip\xc8\v1.44\sources\common\doprnt.c"
 Parameters:    Size  Location     Type
  f               2    6[BANK0 ] PTR const unsigned char 
		 -> STR_4(2), STR_3(2), STR_2(2), STR_1(2), 
 Auto vars:     Size  Location     Type
  tmpval          4    0        struct .
  cp              2    0        PTR const unsigned char 
  len             2    0        unsigned int 
  val             2    0        unsigned int 
  c               1   12[BANK0 ] char 
  ap              1   11[BANK0 ] PTR void [1]
		 -> ?_printf(2), 
  flag            1    0        unsigned char 
  prec            1    0        char 
 Return value:  Size  Location     Type
                  2    6[BANK0 ] int 
 Registers used:
		wreg, fsr0l, fsr0h, fsr1l, fsr1h, status,2, status,0, pclath, cstack
 Tracked objects:
		On entry : 
		On exit  : 
		Unchanged: 
 Data sizes:     COMMON   BANK0   BANK1   BANK2   BANK3   BANK4   BANK5   BANK6   BANK7   BANK8   BANK9  BANK10  BANK11  BANK12
      Params:         0       2       0       0       0       0       0       0       0       0       0       0       0       0
      Locals:         0       2       0       0       0       0       0       0       0       0       0       0       0       0
      Temps:          0       3       0       0       0       0       0       0       0       0       0       0       0       0
      Totals:         0       7       0       0       0       0       0       0       0       0       0       0       0       0
Total ram usage:        7 bytes
 Hardware stack levels used:    1
 Hardware stack levels required when called:    7
 This function calls:
		_putch
 This function is called by:
		_main
 This function uses a non-reentrant model


 *************** function _putch *****************
 Defined at:
		line 156 in file "mcc_generated_files/eusart.c"
 Parameters:    Size  Location     Type
  txData          1    wreg     unsigned char 
 Auto vars:     Size  Location     Type
  txData          1    5[BANK0 ] unsigned char 
 Return value:  Size  Location     Type
                  1    wreg      void 
 Registers used:
		wreg, fsr1l, fsr1h, status,2, status,0, pclath, cstack
 Tracked objects:
		On entry : 
		On exit  : 
		Unchanged: 
 Data sizes:     COMMON   BANK0   BANK1   BANK2   BANK3   BANK4   BANK5   BANK6   BANK7   BANK8   BANK9  BANK10  BANK11  BANK12
      Params:         0       0       0       0       0       0       0       0       0       0       0       0       0       0
      Locals:         0       1       0       0       0       0       0       0       0       0       0       0       0       0
      Temps:          0       0       0       0       0       0       0       0       0       0       0       0       0       0
      Totals:         0       1       0       0       0       0       0       0       0       0       0       0       0       0
Total ram usage:        1 bytes
 Hardware stack levels used:    1
 Hardware stack levels required when called:    6
 This function calls:
		_EUSART_Write
 This function is called by:
		_printf
 This function uses a non-reentrant model


 *************** function _EUSART_Write *****************
 Defined at:
		line 128 in file "mcc_generated_files/eusart.c"
 Parameters:    Size  Location     Type
  txData          1    wreg     unsigned char 
 Auto vars:     Size  Location     Type
  txData          1    4[BANK0 ] unsigned char 
 Return value:  Size  Location     Type
                  1    wreg      void 
 Registers used:
		wreg, fsr1l, fsr1h, status,2, status,0
 Tracked objects:
		On entry : 
		On exit  : 
		Unchanged: 
 Data sizes:     COMMON   BANK0   BANK1   BANK2   BANK3   BANK4   BANK5   BANK6   BANK7   BANK8   BANK9  BANK10  BANK11  BANK12
      Params:         0       0       0       0       0       0       0       0       0       0       0       0       0       0
      Locals:         0       1       0       0       0       0       0       0       0       0       0       0       0       0
      Temps:          0       1       0       0       0       0       0       0       0       0       0       0       0       0
      Totals:         0       2       0       0       0       0       0       0       0       0       0       0       0       0
Total ram usage:        2 bytes
 Hardware stack levels used:    1
 Hardware stack levels required when called:    5
 This function calls:
		Nothing
 This function is called by:
		_putch
 This function uses a non-reentrant model


 *************** function _get_neutral_peaktopeak *****************
 Defined at:
		line 57 in file "signal_processing.c"
 Parameters:    Size  Location     Type
  datapoint       2   13[BANK0 ] unsigned int 
 Auto vars:     Size  Location     Type
  lowest_peak     2   23[BANK0 ] unsigned int 
  highest_peak    2   21[BANK0 ] unsigned int 
  neutral         2   19[BANK0 ] unsigned int 
  i               1   25[BANK0 ] unsigned char 
 Return value:  Size  Location     Type
                  2   13[BANK0 ] unsigned int 
 Registers used:
		wreg, fsr1l, fsr1h, status,2, status,0, pclath, cstack
 Tracked objects:
		On entry : 
		On exit  : 
		Unchanged: 
 Data sizes:     COMMON   BANK0   BANK1   BANK2   BANK3   BANK4   BANK5   BANK6   BANK7   BANK8   BANK9  BANK10  BANK11  BANK12
      Params:         0       2       0       0       0       0       0       0       0       0       0       0       0       0
      Locals:         0       7       0       0       0       0       0       0       0       0       0       0       0       0
      Temps:          0       4       0       0       0       0       0       0       0       0       0       0       0       0
      Totals:         0      13       0       0       0       0       0       0       0       0       0       0       0       0
Total ram usage:       13 bytes
 Hardware stack levels used:    1
 Hardware stack levels required when called:    7
 This function calls:
		___awmod
		_pkdata_insert
		_pkdata_isfull
		_pkdata_remove
 This function is called by:
		_main
 This function uses a non-reentrant model


 *************** function _pkdata_remove *****************
 Defined at:
		line 87 in file "peak_filter.c"
 Parameters:    Size  Location     Type
		None
 Auto vars:     Size  Location     Type
  element         2   11[BANK0 ] unsigned int 
 Return value:  Size  Location     Type
                  1    wreg      unsigned char 
 Registers used:
		wreg, fsr1l, fsr1h, status,2, status,0, pclath, cstack
 Tracked objects:
		On entry : 
		On exit  : 
		Unchanged: 
 Data sizes:     COMMON   BANK0   BANK1   BANK2   BANK3   BANK4   BANK5   BANK6   BANK7   BANK8   BANK9  BANK10  BANK11  BANK12
      Params:         0       0       0       0       0       0       0       0       0       0       0       0       0       0
      Locals:         0       2       0       0       0       0       0       0       0       0       0       0       0       0
      Temps:          0       1       0       0       0       0       0       0       0       0       0       0       0       0
      Totals:         0       3       0       0       0       0       0       0       0       0       0       0       0       0
Total ram usage:        3 bytes
 Hardware stack levels used:    1
 Hardware stack levels required when called:    6
 This function calls:
		___awmod
		_pkdata_isempty
 This function is called by:
		_get_neutral_peaktopeak
 This function uses a non-reentrant model


 *************** function _pkdata_isempty *****************
 Defined at:
		line 63 in file "peak_filter.c"
 Parameters:    Size  Location     Type
		None
 Auto vars:     Size  Location     Type
		None
 Return value:  Size  Location     Type
                  1    wreg      unsigned char 
 Registers used:
		wreg, status,2, status,0
 Tracked objects:
		On entry : 
		On exit  : 
		Unchanged: 
 Data sizes:     COMMON   BANK0   BANK1   BANK2   BANK3   BANK4   BANK5   BANK6   BANK7   BANK8   BANK9  BANK10  BANK11  BANK12
      Params:         0       0       0       0       0       0       0       0       0       0       0       0       0       0
      Locals:         0       0       0       0       0       0       0       0       0       0       0       0       0       0
      Temps:          0       0       0       0       0       0       0       0       0       0       0       0       0       0
      Totals:         0       0       0       0       0       0       0       0       0       0       0       0       0       0
Total ram usage:        0 bytes
 Hardware stack levels used:    1
 Hardware stack levels required when called:    5
 This function calls:
		Nothing
 This function is called by:
		_pkdata_remove
 This function uses a non-reentrant model


 *************** function _pkdata_insert *****************
 Defined at:
		line 72 in file "peak_filter.c"
 Parameters:    Size  Location     Type
  element         2   10[BANK0 ] unsigned int 
 Auto vars:     Size  Location     Type
		None
 Return value:  Size  Location     Type
                  1    wreg      unsigned char 
 Registers used:
		wreg, fsr1l, fsr1h, status,2, status,0, pclath, cstack
 Tracked objects:
		On entry : 
		On exit  : 
		Unchanged: 
 Data sizes:     COMMON   BANK0   BANK1   BANK2   BANK3   BANK4   BANK5   BANK6   BANK7   BANK8   BANK9  BANK10  BANK11  BANK12
      Params:         0       2       0       0       0       0       0       0       0       0       0       0       0       0
      Locals:         0       0       0       0       0       0       0       0       0       0       0       0       0       0
      Temps:          0       1       0       0       0       0       0       0       0       0       0       0       0       0
      Totals:         0       3       0       0       0       0       0       0       0       0       0       0       0       0
Total ram usage:        3 bytes
 Hardware stack levels used:    1
 Hardware stack levels required when called:    6
 This function calls:
		___awmod
		_pkdata_isfull
 This function is called by:
		_get_neutral_peaktopeak
 This function uses a non-reentrant model


 *************** function _pkdata_isfull *****************
 Defined at:
		line 54 in file "peak_filter.c"
 Parameters:    Size  Location     Type
		None
 Auto vars:     Size  Location     Type
		None
 Return value:  Size  Location     Type
                  1    wreg      unsigned char 
[...]
      Temps:          0       1       0       0       0       0       0       0       0       0       0       0       0       0
      Totals:         0       1       0       0       0       0       0       0       0       0       0       0       0       0
Total ram usage:        1 bytes
 Hardware stack levels used:    1
 Hardware stack levels required when called:    4
 This function calls:
		_EUSART_Receive_ISR
		_EUSART_Transmit_ISR
		_TMR6_ISR
 This function is called by:
		Interrupt level 1
 This function uses a non-reentrant model


 *************** function _TMR6_ISR *****************
 Defined at:
		line 164 in file "mcc_generated_files/tmr6.c"
 Parameters:    Size  Location     Type
		None
 Auto vars:     Size  Location     Type
		None
 Return value:  Size  Location     Type
                  1    wreg      void 
 Registers used:
		wreg, fsr1l, fsr1h, status,2, status,0, pclath, cstack
 Tracked objects:
		On entry : 
		On exit  : 
		Unchanged: 
 Data sizes:     COMMON   BANK0   BANK1   BANK2   BANK3   BANK4   BANK5   BANK6   BANK7   BANK8   BANK9  BANK10  BANK11  BANK12
      Params:         0       0       0       0       0       0       0       0       0       0       0       0       0       0
      Locals:         0       0       0       0       0       0       0       0       0       0       0       0       0       0
      Temps:          0       0       0       0       0       0       0       0       0       0       0       0       0       0
      Totals:         0       0       0       0       0       0       0       0       0       0       0       0       0       0
Total ram usage:        0 bytes
 Hardware stack levels used:    1
 Hardware stack levels required when called:    3
 This function calls:
		Absolute function
		_TMR6_DefaultInterruptHandler
		_TMR6_EMG_InterruptHandler
 This function is called by:
		_INTERRUPT_InterruptManager
 This function uses a non-reentrant model


 *************** function _TMR6_DefaultInterruptHandler *****************
 Defined at:
		line 183 in file "mcc_generated_files/tmr6.c"
 Parameters:    Size  Location     Type
		None
 Auto vars:     Size  Location     Type
		None
 Return value:  Size  Location     Type
                  1    wreg      void 
 Registers used:
		None
 Tracked objects:
		On entry : 
		On exit  : 
		Unchanged: 
 Data sizes:     COMMON   BANK0   BANK1   BANK2   BANK3   BANK4   BANK5   BANK6   BANK7   BANK8   BANK9  BANK10  BANK11  BANK12
      Params:         0       0       0       0       0       0       0       0       0       0       0       0       0       0
      Locals:         0       0       0       0       0       0       0       0       0       0       0       0       0       0
      Temps:          0       0       0       0       0       0       0       0       0       0       0       0       0       0
      Totals:         0       0       0       0       0       0       0       0       0       0       0       0       0       0
Total ram usage:        0 bytes
 Hardware stack levels used:    1
 This function calls:
		Nothing
 This function is called by:
		_TMR6_Initialize
		_TMR6_ISR
 This function uses a non-reentrant model


 *************** function _TMR6_EMG_InterruptHandler *****************
 Defined at:
		line 66 in file "main.c"
 Parameters:    Size  Location     Type
		None
 Auto vars:     Size  Location     Type
  adval           2    0[BANK0 ] unsigned int 
 Return value:  Size  Location     Type
                  1    wreg      void 
 Registers used:
		wreg, fsr1l, fsr1h, status,2, status,0, pclath, cstack
 Tracked objects:
		On entry : 
		On exit  : 
		Unchanged: 
 Data sizes:     COMMON   BANK0   BANK1   BANK2   BANK3   BANK4   BANK5   BANK6   BANK7   BANK8   BANK9  BANK10  BANK11  BANK12
      Params:         0       0       0       0       0       0       0       0       0       0       0       0       0       0
      Locals:         0       2       0       0       0       0       0       0       0       0       0       0       0       0
      Temps:          0       0       0       0       0       0       0       0       0       0       0       0       0       0
      Totals:         0       2       0       0       0       0       0       0       0       0       0       0       0       0
Total ram usage:        2 bytes
 Hardware stack levels used:    1
 Hardware stack levels required when called:    2
 This function calls:
		_ADCC_GetConversionResult
		_ADCC_StartConversion
		_sbuf_insert
		i1___lwdiv
 This function is called by:
		_main
		_TMR6_ISR
 This function uses a non-reentrant model


 *************** function i1___lwdiv *****************
 Defined at:
		line 6 in file "C:\Program Files (x86)\Microchip\xc8\v1.44\sources\common\lwdiv.c"
 Parameters:    Size  Location     Type
  divisor         2    0[COMMON] unsigned int 
  dividend        2    2[COMMON] unsigned int 
 Auto vars:     Size  Location     Type
  __lwdiv         2    5[COMMON] unsigned int 
  __lwdiv         1    7[COMMON] unsigned char 
 Return value:  Size  Location     Type
                  2    0[COMMON] unsigned int 
 Registers used:
		wreg, status,2, status,0
 Tracked objects:
		On entry : 
		On exit  : 
		Unchanged: 
 Data sizes:     COMMON   BANK0   BANK1   BANK2   BANK3   BANK4   BANK5   BANK6   BANK7   BANK8   BANK9  BANK10  BANK11  BANK12
      Params:         4       0       0       0       0       0       0       0       0       0       0       0       0       0
      Locals:         3       0       0       0       0       0       0       0       0       0       0       0       0       0
      Temps:          1       0       0       0       0       0       0       0       0       0       0       0       0       0
      Totals:         8       0       0       0       0       0       0       0       0       0       0       0       0       0
Total ram usage:        8 bytes
 Hardware stack levels used:    1
 This function calls:
		Nothing
 This function is called by:
		_TMR6_EMG_InterruptHandler
 This function uses a non-reentrant model


 *************** function _sbuf_insert *****************
 Defined at:
		line 70 in file "signal_buffer.c"
 Parameters:    Size  Location     Type
  element         2    8[COMMON] unsigned int 
 Auto vars:     Size  Location     Type
		None
 Return value:  Size  Location     Type
                  1    wreg      unsigned char 
 Registers used:
		wreg, fsr1l, fsr1h, status,2, status,0, pclath, cstack
 Tracked objects:
		On entry : 
		On exit  : 
		Unchanged: 
 Data sizes:     COMMON   BANK0   BANK1   BANK2   BANK3   BANK4   BANK5   BANK6   BANK7   BANK8   BANK9  BANK10  BANK11  BANK12
      Params:         2       0       0       0       0       0       0       0       0       0       0       0       0       0
      Locals:         0       0       0       0       0       0       0       0       0       0       0       0       0       0
      Temps:          4       0       0       0       0       0       0       0       0       0       0       0       0       0
      Totals:         6       0       0       0       0       0       0       0       0       0       0       0       0       0
Total ram usage:        6 bytes
 Hardware stack levels used:    1
 Hardware stack levels required when called:    1
 This function calls:
		_sbuf_isfull
		i1___awmod
 This function is called by:
		_TMR6_EMG_InterruptHandler
 This function uses a non-reentrant model


 *************** function i1___awmod *****************
 Defined at:
		line 6 in file "C:\Program Files (x86)\Microchip\xc8\v1.44\sources\common\awmod.c"
 Parameters:    Size  Location     Type
  divisor         2    0[COMMON] int 
  dividend        2    2[COMMON] int 
 Auto vars:     Size  Location     Type
  __awmod         1    6[COMMON] unsigned char 
  __awmod         1    5[COMMON] unsigned char 
 Return value:  Size  Location     Type
                  2    0[COMMON] int 
 Registers used:
		wreg, status,2, status,0
 Tracked objects:
		On entry : 
		On exit  : 
		Unchanged: 
 Data sizes:     COMMON   BANK0   BANK1   BANK2   BANK3   BANK4   BANK5   BANK6   BANK7   BANK8   BANK9  BANK10  BANK11  BANK12
      Params:         4       0       0       0       0       0       0       0       0       0       0       0       0       0
      Locals:         2       0       0       0       0       0       0       0       0       0       0       0       0       0
      Temps:          1       0       0       0       0       0       0       0       0       0       0       0       0       0
      Totals:         7       0       0       0       0       0       0       0       0       0       0       0       0       0
Total ram usage:        7 bytes
 Hardware stack levels used:    1
 This function calls:
		Nothing
 This function is called by:
		_sbuf_insert
 This function uses a non-reentrant model


 *************** function _sbuf_isfull *****************
 Defined at:
		line 52 in file "signal_buffer.c"
 Parameters:    Size  Location     Type
		None
 Auto vars:     Size  Location     Type
		None
 Return value:  Size  Location     Type
                  1    wreg      unsigned char 
 Registers used:
		wreg, status,2, status,0
 Tracked objects:
		On entry : 
		On exit  : 
		Unchanged: 
 Data sizes:     COMMON   BANK0   BANK1   BANK2   BANK3   BANK4   BANK5   BANK6   BANK7   BANK8   BANK9  BANK10  BANK11  BANK12
      Params:         0       0       0       0       0       0       0       0       0       0       0       0       0       0
      Locals:         0       0       0       0       0       0       0       0       0       0       0       0       0       0
      Temps:          4       0       0       0       0       0       0       0       0       0       0       0       0       0
      Totals:         4       0       0       0       0       0       0       0       0       0       0       0       0       0
Total ram usage:        4 bytes
 Hardware stack levels used:    1
 This function calls:
		Nothing
 This function is called by:
		_sbuf_insert
 This function uses a non-reentrant model


 *************** function _ADCC_StartConversion *****************
 Defined at:
		line 103 in file "mcc_generated_files/adcc.c"
 Parameters:    Size  Location     Type
  channel         1    wreg     enum E14958
 Auto vars:     Size  Location     Type
  channel         1    0[COMMON] enum E14958
 Return value:  Size  Location     Type
                  1    wreg      void 
 Registers used:
		wreg
 Tracked objects:
		On entry : 
		On exit  : 
		Unchanged: 
 Data sizes:     COMMON   BANK0   BANK1   BANK2   BANK3   BANK4   BANK5   BANK6   BANK7   BANK8   BANK9  BANK10  BANK11  BANK12
      Params:         0       0       0       0       0       0       0       0       0       0       0       0       0       0
      Locals:         1       0       0       0       0       0       0       0       0       0       0       0       0       0
      Temps:          0       0       0       0       0       0       0       0       0       0       0       0       0       0
      Totals:         1       0       0       0       0       0       0       0       0       0       0       0       0       0
Total ram usage:        1 bytes
 Hardware stack levels used:    1
 This function calls:
		Nothing
 This function is called by:
		_TMR6_EMG_InterruptHandler
 This function uses a non-reentrant model


 *************** function _ADCC_GetConversionResult *****************
 Defined at:
		line 121 in file "mcc_generated_files/adcc.c"
 Parameters:    Size  Location     Type
		None
 Auto vars:     Size  Location     Type
		None
 Return value:  Size  Location     Type
                  2    0[COMMON] unsigned int 
 Registers used:
		wreg
 Tracked objects:
		On entry : 
		On exit  : 
		Unchanged: 
 Data sizes:     COMMON   BANK0   BANK1   BANK2   BANK3   BANK4   BANK5   BANK6   BANK7   BANK8   BANK9  BANK10  BANK11  BANK12
      Params:         2       0       0       0       0       0       0       0       0       0       0       0       0       0
      Locals:         0       0       0       0       0       0       0       0       0       0       0       0       0       0
      Temps:          0       0       0       0       0       0       0       0       0       0       0       0       0       0
      Totals:         2       0       0       0       0       0       0       0       0       0       0       0       0       0
Total ram usage:        2 bytes
 Hardware stack levels used:    1
 This function calls:
		Nothing
 This function is called by:
		_TMR6_EMG_InterruptHandler
 This function uses a non-reentrant model


 *************** function _EUSART_Transmit_ISR *****************
 Defined at:
		line 161 in file "mcc_generated_files/eusart.c"
 Parameters:    Size  Location     Type
		None
 Auto vars:     Size  Location     Type
		None
 Return value:  Size  Location     Type
                  1    wreg      void 
 Registers used:
		wreg, fsr1l, fsr1h, status,2, status,0
 Tracked objects:
		On entry : 
		On exit  : 
		Unchanged: 
 Data sizes:     COMMON   BANK0   BANK1   BANK2   BANK3   BANK4   BANK5   BANK6   BANK7   BANK8   BANK9  BANK10  BANK11  BANK12
      Params:         0       0       0       0       0       0       0       0       0       0       0       0       0       0
      Locals:         0       0       0       0       0       0       0       0       0       0       0       0       0       0
      Temps:          1       0       0       0       0       0       0       0       0       0       0       0       0       0
      Totals:         1       0       0       0       0       0       0       0       0       0       0       0       0       0
Total ram usage:        1 bytes
 Hardware stack levels used:    1
 This function calls:
		Nothing
 This function is called by:
		_INTERRUPT_InterruptManager
 This function uses a non-reentrant model


 *************** function _EUSART_Receive_ISR *****************
 Defined at:
		line 180 in file "mcc_generated_files/eusart.c"
 Parameters:    Size  Location     Type
		None
 Auto vars:     Size  Location     Type
		None
 Return value:  Size  Location     Type
                  1    wreg      void 
 Registers used:
		wreg, fsr1l, fsr1h, status,2, status,0
 Tracked objects:
		On entry : 
		On exit  : 
		Unchanged: 
 Data sizes:     COMMON   BANK0   BANK1   BANK2   BANK3   BANK4   BANK5   BANK6   BANK7   BANK8   BANK9  BANK10  BANK11  BANK12
      Params:         0       0       0       0       0       0       0       0       0       0       0       0       0       0
      Locals:         0       0       0       0       0       0       0       0       0       0       0       0       0       0
      Temps:          1       0       0       0       0       0       0       0       0       0       0       0       0       0
      Totals:         1       0       0       0       0       0       0       0       0       0       0       0       0       0
Total ram usage:        1 bytes
 Hardware stack levels used:    1
 This function calls:
		Nothing
 This function is called by:
		_INTERRUPT_InterruptManager
 This function uses a non-reentrant model



MODULE INFORMATION

Module		Function		Class		Link	Load	Size
signal_buffer.c
		_sbuf_remove   		CODE           	04EF	0000	56
		_sbuf_insert   		CODE           	05C2	0000	50
		_sbuf_peek     		CODE           	07DE	0000	22
		_sbuf_isfull   		CODE           	0721	0000	35
		_sbuf_isempty  		CODE           	0FA3	0000	9

signal_buffer.c estimated size: 172

mcc_generated_files/tmr6.c
		_TMR6_ISR      		CODE           	07F3	0000	14
		_TMR6_Initialize		CODE           	07B2	0000	23
		_TMR6_Start    		CODE           	0F6F	0000	4
		_TMR6_SetInterruptHandler		CODE           	0FAB	0000	10
		_TMR6_DefaultInterruptHandler		CODE           	0003	0000	2

mcc_generated_files/tmr6.c estimated size: 53

C:\Program Files (x86)\Microchip\xc8\v1.44\sources\common\lwtoft.c
		___lwtoft      		CODE           	0FEB	0000	22

C:\Program Files (x86)\Microchip\xc8\v1.44\sources\common\lwtoft.c estimated size: 22

mcc_generated_files/interrupt_manager.c
		_INTERRUPT_InterruptManager		CODE           	0004	0000	33

mcc_generated_files/interrupt_manager.c estimated size: 33

moving_avg_filter.c
		_madata_remove 		CODE           	061F	0000	45
		_madata_isfull 		CODE           	06DD	0000	35
		_madata_insert 		CODE           	0671	0000	39
		_madata_isempty		CODE           	0F93	0000	9

moving_avg_filter.c estimated size: 128

C:\Program Files (x86)\Microchip\xc8\v1.44\sources\common\awmod.c
		___awmod       		CODE           	0426	0000	71

C:\Program Files (x86)\Microchip\xc8\v1.44\sources\common\awmod.c estimated size: 71

signal_processing.c
		_get_neutral_peaktopeak		CODE           	02B2	0000	137
		_get_moving_average		CODE           	04B1	0000	63

signal_processing.c estimated size: 200

mcc_generated_files/pin_manager.c
		_PIN_MANAGER_Initialize		CODE           	058F	0000	52

mcc_generated_files/pin_manager.c estimated size: 52

C:\Program Files (x86)\Microchip\xc8\v1.44\sources\common\lwdiv.c
		___lwdiv       		CODE           	0526	0000	54

C:\Program Files (x86)\Microchip\xc8\v1.44\sources\common\lwdiv.c estimated size: 54

peak_filter.c
		_pkdata_remove 		CODE           	05F3	0000	45
		_pkdata_isfull 		CODE           	06BB	0000	35
		_pkdata_insert 		CODE           	064B	0000	39
		_pkdata_isempty		CODE           	0F9B	0000	9

peak_filter.c estimated size: 128

C:\Program Files (x86)\Microchip\xc8\v1.44\sources\common\abs.c
		_abs           		CODE           	0FCA	0000	16

C:\Program Files (x86)\Microchip\xc8\v1.44\sources\common\abs.c estimated size: 16

C:\Program Files (x86)\Microchip\xc8\v1.44\sources\common\doprnt.c
		_printf        		CODE           	0743	0000	30

C:\Program Files (x86)\Microchip\xc8\v1.44\sources\common\doprnt.c estimated size: 30

C:\Program Files (x86)\Microchip\xc8\v1.44\sources\common\fttol.c
		___fttol       		CODE           	033A	0000	136

C:\Program Files (x86)\Microchip\xc8\v1.44\sources\common\fttol.c estimated size: 136

shared
		i1___lwdiv     		CODE           	055B	0000	53
		__initialization		CODE           	0026	0000	49
		i1___awmod     		CODE           	046C	0000	70

shared estimated size: 172

C:\Program Files (x86)\Microchip\xc8\v1.44\sources\common\ftadd.c
		___ftadd       		CODE           	01BC	0000	247

C:\Program Files (x86)\Microchip\xc8\v1.44\sources\common\ftadd.c estimated size: 247

mcc_generated_files/mcc.c
		_PMD_Initialize		CODE           	0F8B	0000	9
		_OSCILLATOR_Initialize		CODE           	0FB4	0000	11
		_SYSTEM_Initialize		CODE           	0FD9	0000	19

mcc_generated_files/mcc.c estimated size: 39

mcc_generated_files/eusart.c
		_putch         		CODE           	0F78	0000	7
		_EUSART_Write  		CODE           	0697	0000	37
		_EUSART_Transmit_ISR		CODE           	0760	0000	30
		_EUSART_Initialize		CODE           	0798	0000	27
		_EUSART_Receive_ISR		CODE           	077D	0000	28

mcc_generated_files/eusart.c estimated size: 129

mcc_generated_files/adcc.c
		_ADCC_GetConversionResult		CODE           	0F72	0000	7
		_ADCC_StartConversion		CODE           	0F84	0000	8
		_ADCC_Initialize		CODE           	07C8	0000	23

mcc_generated_files/adcc.c estimated size: 38

main.c
		_main          		CODE           	005A	0000	355
		_TMR6_EMG_InterruptHandler		CODE           	06FF	0000	35

main.c estimated size: 390

C:\Program Files (x86)\Microchip\xc8\v1.44\sources\common\float.c
		___ftpack      		CODE           	03C1	0000	102

C:\Program Files (x86)\Microchip\xc8\v1.44\sources\common\float.c estimated size: 102

